// Jest Snapshot v1, https://goo.gl/fbAQLP

exports[`Loader Component Test Loader Component Snapshot 1`] = `
<DocumentFragment>
  <div
    class="wrapper"
  >
    <div
      class="lds-roller"
    >
      <div />
      <div />
      <div />
      <div />
      <div />
      <div />
      <div />
      <div />
    </div>
  </div>
</DocumentFragment>
`;
