// Jest Snapshot v1, https://goo.gl/fbAQLP

exports[`Users Table Component Test Users Table Component snapshot 1`] = `
<DocumentFragment>
  <div
    class="paginatedTable"
  >
    <table
      class="table"
    >
      <thead>
        <tr>
          <td
            class="tableHeader"
          >
            <div
              class="d-flex"
            >
              <span>
                Organization
              </span>
              <span
                class="dropdown"
              >
                <div
                  class="dropdown-toggle"
                  data-bs-toggle="dropdown"
                >
                  <svg
                    class="ms-2 cursor-pointer"
                    fill="none"
                    height="12"
                    viewBox="0 0 16 12"
                    width="16"
                    xmlns="http://www.w3.org/2000/svg"
                  >
                    <path
                      d="M6.22222 11.3333H9.77778V9.55554H6.22222V11.3333ZM0 0.666656V2.44443H16V0.666656H0ZM2.66667 6.88888H13.3333V5.1111H2.66667V6.88888Z"
                      fill="#545F7D"
                    />
                  </svg>
                </div>
                <div
                  class="dropdown-menu p-4 form-dropdown"
                >
                  <div
                    class="mb-3"
                  >
                    <label
                      class="form-label"
                      for="exampleDropdownFormOrganization"
                    >
                      Organization
                    </label>
                    <select
                      aria-label="Default select example"
                      class="form-select mb-3 form-label"
                      style="font-size: 1rem;"
                    >
                      <option>
                        Select
                      </option>
                    </select>
                    <label
                      class="form-label"
                      for="exampleDropdownFormUsername"
                    >
                      Username
                    </label>
                    <input
                      class="form-control"
                      id="exampleDropdownFormUsername"
                      placeholder="Username"
                      type="text"
                      value=""
                    />
                  </div>
                  <div
                    class="mb-3"
                  >
                    <label
                      class="form-label"
                      for="exampleDropdownFormEmail2"
                    >
                      Email
                    </label>
                    <input
                      class="form-control"
                      id="exampleDropdownFormEmail2"
                      placeholder="Email"
                      type="email"
                      value=""
                    />
                  </div>
                  <div
                    class="mb-3"
                  >
                    <label
                      class="form-label"
                      for="datepicker"
                    >
                      Date
                    </label>
                    <input
                      class="form-control"
                      id="datepicker"
                      type="date"
                      value=""
                    />
                  </div>
                  <div
                    class="mb-3"
                  >
                    <label
                      class="form-label"
                      for="exampleDropdownFormPhoneNumber"
                    >
                      Phone Number
                    </label>
                    <input
                      class="form-control"
                      id="exampleDropdownFormPhoneNumber"
                      placeholder="Phone Number"
                      type="text"
                      value=""
                    />
                  </div>
                  <label
                    class="form-label"
                    for="exampleDropdownFormStatus"
                  >
                    Status
                  </label>
                  <select
                    aria-label="Default select example"
                    class="form-select mb-3 form-label"
                    style="font-size: 1rem;"
                  >
                    <option>
                      Pending
                    </option>
                    <option
                      value="active"
                    >
                      Active
                    </option>
                    <option
                      value="inactive"
                    >
                      Inactive
                    </option>
                    <option
                      value="blacklisted"
                    >
                      Blacklisted
                    </option>
                  </select>
                  <div
                    class="grid-2 mt-4"
                  >
                    <button
                      class="btn btn-outline w-100"
                    >
                      Reset
                    </button>
                    <button
                      class="btn btn-themed w-100"
                    >
                      Filter
                    </button>
                  </div>
                </div>
              </span>
            </div>
          </td>
          <td
            class="tableHeader"
          >
            <div
              class="d-flex"
            >
              <span>
                Username
              </span>
              <span
                class="dropdown"
              >
                <div
                  class="dropdown-toggle"
                  data-bs-toggle="dropdown"
                >
                  <svg
                    class="ms-2 cursor-pointer"
                    fill="none"
                    height="12"
                    viewBox="0 0 16 12"
                    width="16"
                    xmlns="http://www.w3.org/2000/svg"
                  >
                    <path
                      d="M6.22222 11.3333H9.77778V9.55554H6.22222V11.3333ZM0 0.666656V2.44443H16V0.666656H0ZM2.66667 6.88888H13.3333V5.1111H2.66667V6.88888Z"
                      fill="#545F7D"
                    />
                  </svg>
                </div>
                <div
                  class="dropdown-menu p-4 form-dropdown"
                >
                  <div
                    class="mb-3"
                  >
                    <label
                      class="form-label"
                      for="exampleDropdownFormOrganization"
                    >
                      Organization
                    </label>
                    <select
                      aria-label="Default select example"
                      class="form-select mb-3 form-label"
                      style="font-size: 1rem;"
                    >
                      <option>
                        Select
                      </option>
                    </select>
                    <label
                      class="form-label"
                      for="exampleDropdownFormUsername"
                    >
                      Username
                    </label>
                    <input
                      class="form-control"
                      id="exampleDropdownFormUsername"
                      placeholder="Username"
                      type="text"
                      value=""
                    />
                  </div>
                  <div
                    class="mb-3"
                  >
                    <label
                      class="form-label"
                      for="exampleDropdownFormEmail2"
                    >
                      Email
                    </label>
                    <input
                      class="form-control"
                      id="exampleDropdownFormEmail2"
                      placeholder="Email"
                      type="email"
                      value=""
                    />
                  </div>
                  <div
                    class="mb-3"
                  >
                    <label
                      class="form-label"
                      for="datepicker"
                    >
                      Date
                    </label>
                    <input
                      class="form-control"
                      id="datepicker"
                      type="date"
                      value=""
                    />
                  </div>
                  <div
                    class="mb-3"
                  >
                    <label
                      class="form-label"
                      for="exampleDropdownFormPhoneNumber"
                    >
                      Phone Number
                    </label>
                    <input
                      class="form-control"
                      id="exampleDropdownFormPhoneNumber"
                      placeholder="Phone Number"
                      type="text"
                      value=""
                    />
                  </div>
                  <label
                    class="form-label"
                    for="exampleDropdownFormStatus"
                  >
                    Status
                  </label>
                  <select
                    aria-label="Default select example"
                    class="form-select mb-3 form-label"
                    style="font-size: 1rem;"
                  >
                    <option>
                      Pending
                    </option>
                    <option
                      value="active"
                    >
                      Active
                    </option>
                    <option
                      value="inactive"
                    >
                      Inactive
                    </option>
                    <option
                      value="blacklisted"
                    >
                      Blacklisted
                    </option>
                  </select>
                  <div
                    class="grid-2 mt-4"
                  >
                    <button
                      class="btn btn-outline w-100"
                    >
                      Reset
                    </button>
                    <button
                      class="btn btn-themed w-100"
                    >
                      Filter
                    </button>
                  </div>
                </div>
              </span>
            </div>
          </td>
          <td
            class="tableHeader"
          >
            <div
              class="d-flex"
            >
              <span>
                Email
              </span>
              <span
                class="dropdown"
              >
                <div
                  class="dropdown-toggle"
                  data-bs-toggle="dropdown"
                >
                  <svg
                    class="ms-2 cursor-pointer"
                    fill="none"
                    height="12"
                    viewBox="0 0 16 12"
                    width="16"
                    xmlns="http://www.w3.org/2000/svg"
                  >
                    <path
                      d="M6.22222 11.3333H9.77778V9.55554H6.22222V11.3333ZM0 0.666656V2.44443H16V0.666656H0ZM2.66667 6.88888H13.3333V5.1111H2.66667V6.88888Z"
                      fill="#545F7D"
                    />
                  </svg>
                </div>
                <div
                  class="dropdown-menu p-4 form-dropdown"
                >
                  <div
                    class="mb-3"
                  >
                    <label
                      class="form-label"
                      for="exampleDropdownFormOrganization"
                    >
                      Organization
                    </label>
                    <select
                      aria-label="Default select example"
                      class="form-select mb-3 form-label"
                      style="font-size: 1rem;"
                    >
                      <option>
                        Select
                      </option>
                    </select>
                    <label
                      class="form-label"
                      for="exampleDropdownFormUsername"
                    >
                      Username
                    </label>
                    <input
                      class="form-control"
                      id="exampleDropdownFormUsername"
                      placeholder="Username"
                      type="text"
                      value=""
                    />
                  </div>
                  <div
                    class="mb-3"
                  >
                    <label
                      class="form-label"
                      for="exampleDropdownFormEmail2"
                    >
                      Email
                    </label>
                    <input
                      class="form-control"
                      id="exampleDropdownFormEmail2"
                      placeholder="Email"
                      type="email"
                      value=""
                    />
                  </div>
                  <div
                    class="mb-3"
                  >
                    <label
                      class="form-label"
                      for="datepicker"
                    >
                      Date
                    </label>
                    <input
                      class="form-control"
                      id="datepicker"
                      type="date"
                      value=""
                    />
                  </div>
                  <div
                    class="mb-3"
                  >
                    <label
                      class="form-label"
                      for="exampleDropdownFormPhoneNumber"
                    >
                      Phone Number
                    </label>
                    <input
                      class="form-control"
                      id="exampleDropdownFormPhoneNumber"
                      placeholder="Phone Number"
                      type="text"
                      value=""
                    />
                  </div>
                  <label
                    class="form-label"
                    for="exampleDropdownFormStatus"
                  >
                    Status
                  </label>
                  <select
                    aria-label="Default select example"
                    class="form-select mb-3 form-label"
                    style="font-size: 1rem;"
                  >
                    <option>
                      Pending
                    </option>
                    <option
                      value="active"
                    >
                      Active
                    </option>
                    <option
                      value="inactive"
                    >
                      Inactive
                    </option>
                    <option
                      value="blacklisted"
                    >
                      Blacklisted
                    </option>
                  </select>
                  <div
                    class="grid-2 mt-4"
                  >
                    <button
                      class="btn btn-outline w-100"
                    >
                      Reset
                    </button>
                    <button
                      class="btn btn-themed w-100"
                    >
                      Filter
                    </button>
                  </div>
                </div>
              </span>
            </div>
          </td>
          <td
            class="tableHeader"
          >
            <div
              class="d-flex"
            >
              <span>
                Phone Number
              </span>
              <span
                class="dropdown"
              >
                <div
                  class="dropdown-toggle"
                  data-bs-toggle="dropdown"
                >
                  <svg
                    class="ms-2 cursor-pointer"
                    fill="none"
                    height="12"
                    viewBox="0 0 16 12"
                    width="16"
                    xmlns="http://www.w3.org/2000/svg"
                  >
                    <path
                      d="M6.22222 11.3333H9.77778V9.55554H6.22222V11.3333ZM0 0.666656V2.44443H16V0.666656H0ZM2.66667 6.88888H13.3333V5.1111H2.66667V6.88888Z"
                      fill="#545F7D"
                    />
                  </svg>
                </div>
                <div
                  class="dropdown-menu p-4 form-dropdown"
                >
                  <div
                    class="mb-3"
                  >
                    <label
                      class="form-label"
                      for="exampleDropdownFormOrganization"
                    >
                      Organization
                    </label>
                    <select
                      aria-label="Default select example"
                      class="form-select mb-3 form-label"
                      style="font-size: 1rem;"
                    >
                      <option>
                        Select
                      </option>
                    </select>
                    <label
                      class="form-label"
                      for="exampleDropdownFormUsername"
                    >
                      Username
                    </label>
                    <input
                      class="form-control"
                      id="exampleDropdownFormUsername"
                      placeholder="Username"
                      type="text"
                      value=""
                    />
                  </div>
                  <div
                    class="mb-3"
                  >
                    <label
                      class="form-label"
                      for="exampleDropdownFormEmail2"
                    >
                      Email
                    </label>
                    <input
                      class="form-control"
                      id="exampleDropdownFormEmail2"
                      placeholder="Email"
                      type="email"
                      value=""
                    />
                  </div>
                  <div
                    class="mb-3"
                  >
                    <label
                      class="form-label"
                      for="datepicker"
                    >
                      Date
                    </label>
                    <input
                      class="form-control"
                      id="datepicker"
                      type="date"
                      value=""
                    />
                  </div>
                  <div
                    class="mb-3"
                  >
                    <label
                      class="form-label"
                      for="exampleDropdownFormPhoneNumber"
                    >
                      Phone Number
                    </label>
                    <input
                      class="form-control"
                      id="exampleDropdownFormPhoneNumber"
                      placeholder="Phone Number"
                      type="text"
                      value=""
                    />
                  </div>
                  <label
                    class="form-label"
                    for="exampleDropdownFormStatus"
                  >
                    Status
                  </label>
                  <select
                    aria-label="Default select example"
                    class="form-select mb-3 form-label"
                    style="font-size: 1rem;"
                  >
                    <option>
                      Pending
                    </option>
                    <option
                      value="active"
                    >
                      Active
                    </option>
                    <option
                      value="inactive"
                    >
                      Inactive
                    </option>
                    <option
                      value="blacklisted"
                    >
                      Blacklisted
                    </option>
                  </select>
                  <div
                    class="grid-2 mt-4"
                  >
                    <button
                      class="btn btn-outline w-100"
                    >
                      Reset
                    </button>
                    <button
                      class="btn btn-themed w-100"
                    >
                      Filter
                    </button>
                  </div>
                </div>
              </span>
            </div>
          </td>
          <td
            class="tableHeader"
          >
            <div
              class="d-flex"
            >
              <span>
                Date Joined
              </span>
              <span
                class="dropdown"
              >
                <div
                  class="dropdown-toggle"
                  data-bs-toggle="dropdown"
                >
                  <svg
                    class="ms-2 cursor-pointer"
                    fill="none"
                    height="12"
                    viewBox="0 0 16 12"
                    width="16"
                    xmlns="http://www.w3.org/2000/svg"
                  >
                    <path
                      d="M6.22222 11.3333H9.77778V9.55554H6.22222V11.3333ZM0 0.666656V2.44443H16V0.666656H0ZM2.66667 6.88888H13.3333V5.1111H2.66667V6.88888Z"
                      fill="#545F7D"
                    />
                  </svg>
                </div>
                <div
                  class="dropdown-menu p-4 form-dropdown"
                >
                  <div
                    class="mb-3"
                  >
                    <label
                      class="form-label"
                      for="exampleDropdownFormOrganization"
                    >
                      Organization
                    </label>
                    <select
                      aria-label="Default select example"
                      class="form-select mb-3 form-label"
                      style="font-size: 1rem;"
                    >
                      <option>
                        Select
                      </option>
                    </select>
                    <label
                      class="form-label"
                      for="exampleDropdownFormUsername"
                    >
                      Username
                    </label>
                    <input
                      class="form-control"
                      id="exampleDropdownFormUsername"
                      placeholder="Username"
                      type="text"
                      value=""
                    />
                  </div>
                  <div
                    class="mb-3"
                  >
                    <label
                      class="form-label"
                      for="exampleDropdownFormEmail2"
                    >
                      Email
                    </label>
                    <input
                      class="form-control"
                      id="exampleDropdownFormEmail2"
                      placeholder="Email"
                      type="email"
                      value=""
                    />
                  </div>
                  <div
                    class="mb-3"
                  >
                    <label
                      class="form-label"
                      for="datepicker"
                    >
                      Date
                    </label>
                    <input
                      class="form-control"
                      id="datepicker"
                      type="date"
                      value=""
                    />
                  </div>
                  <div
                    class="mb-3"
                  >
                    <label
                      class="form-label"
                      for="exampleDropdownFormPhoneNumber"
                    >
                      Phone Number
                    </label>
                    <input
                      class="form-control"
                      id="exampleDropdownFormPhoneNumber"
                      placeholder="Phone Number"
                      type="text"
                      value=""
                    />
                  </div>
                  <label
                    class="form-label"
                    for="exampleDropdownFormStatus"
                  >
                    Status
                  </label>
                  <select
                    aria-label="Default select example"
                    class="form-select mb-3 form-label"
                    style="font-size: 1rem;"
                  >
                    <option>
                      Pending
                    </option>
                    <option
                      value="active"
                    >
                      Active
                    </option>
                    <option
                      value="inactive"
                    >
                      Inactive
                    </option>
                    <option
                      value="blacklisted"
                    >
                      Blacklisted
                    </option>
                  </select>
                  <div
                    class="grid-2 mt-4"
                  >
                    <button
                      class="btn btn-outline w-100"
                    >
                      Reset
                    </button>
                    <button
                      class="btn btn-themed w-100"
                    >
                      Filter
                    </button>
                  </div>
                </div>
              </span>
            </div>
          </td>
          <td
            class="tableHeader"
          >
            <div
              class="d-flex"
            >
              <span>
                Status
              </span>
              <span
                class="dropdown"
              >
                <div
                  class="dropdown-toggle"
                  data-bs-toggle="dropdown"
                >
                  <svg
                    class="ms-2 cursor-pointer"
                    fill="none"
                    height="12"
                    viewBox="0 0 16 12"
                    width="16"
                    xmlns="http://www.w3.org/2000/svg"
                  >
                    <path
                      d="M6.22222 11.3333H9.77778V9.55554H6.22222V11.3333ZM0 0.666656V2.44443H16V0.666656H0ZM2.66667 6.88888H13.3333V5.1111H2.66667V6.88888Z"
                      fill="#545F7D"
                    />
                  </svg>
                </div>
                <div
                  class="dropdown-menu p-4 form-dropdown"
                >
                  <div
                    class="mb-3"
                  >
                    <label
                      class="form-label"
                      for="exampleDropdownFormOrganization"
                    >
                      Organization
                    </label>
                    <select
                      aria-label="Default select example"
                      class="form-select mb-3 form-label"
                      style="font-size: 1rem;"
                    >
                      <option>
                        Select
                      </option>
                    </select>
                    <label
                      class="form-label"
                      for="exampleDropdownFormUsername"
                    >
                      Username
                    </label>
                    <input
                      class="form-control"
                      id="exampleDropdownFormUsername"
                      placeholder="Username"
                      type="text"
                      value=""
                    />
                  </div>
                  <div
                    class="mb-3"
                  >
                    <label
                      class="form-label"
                      for="exampleDropdownFormEmail2"
                    >
                      Email
                    </label>
                    <input
                      class="form-control"
                      id="exampleDropdownFormEmail2"
                      placeholder="Email"
                      type="email"
                      value=""
                    />
                  </div>
                  <div
                    class="mb-3"
                  >
                    <label
                      class="form-label"
                      for="datepicker"
                    >
                      Date
                    </label>
                    <input
                      class="form-control"
                      id="datepicker"
                      type="date"
                      value=""
                    />
                  </div>
                  <div
                    class="mb-3"
                  >
                    <label
                      class="form-label"
                      for="exampleDropdownFormPhoneNumber"
                    >
                      Phone Number
                    </label>
                    <input
                      class="form-control"
                      id="exampleDropdownFormPhoneNumber"
                      placeholder="Phone Number"
                      type="text"
                      value=""
                    />
                  </div>
                  <label
                    class="form-label"
                    for="exampleDropdownFormStatus"
                  >
                    Status
                  </label>
                  <select
                    aria-label="Default select example"
                    class="form-select mb-3 form-label"
                    style="font-size: 1rem;"
                  >
                    <option>
                      Pending
                    </option>
                    <option
                      value="active"
                    >
                      Active
                    </option>
                    <option
                      value="inactive"
                    >
                      Inactive
                    </option>
                    <option
                      value="blacklisted"
                    >
                      Blacklisted
                    </option>
                  </select>
                  <div
                    class="grid-2 mt-4"
                  >
                    <button
                      class="btn btn-outline w-100"
                    >
                      Reset
                    </button>
                    <button
                      class="btn btn-themed w-100"
                    >
                      Filter
                    </button>
                  </div>
                </div>
              </span>
            </div>
          </td>
        </tr>
      </thead>
      <tbody />
    </table>
  </div>
  <div
    class="d-flex align-items-center justify-content-between mt-20px center-grid"
  >
    <div
      class="d-flex align-items-center"
    >
      <div>
        Showing
      </div>
      <div
        class="dropdown"
      >
        <button
          aria-expanded="false"
          class="dropdown-toggle mx-2 rowsPerPageBtn"
          data-bs-toggle="dropdown"
          type="button"
        >
          10
          <i
            class="fa fa-angle-down ms-2"
          />
        </button>
        <ul
          class="dropdown-menu"
        >
          <li
            class="dropdown-item"
          >
            5
          </li>
          <li
            class="dropdown-item"
          >
            10
          </li>
          <li
            class="dropdown-item"
          >
            20
          </li>
        </ul>
      </div>
      <div>
        out of 0
      </div>
    </div>
    <div
      class="d-flex align-items-center"
    >
      <button
        class="operandButton me-3"
        disabled=""
      >
        <i
          class="fa fa-angle-left"
        />
      </button>
      <div
        class="paginationNavigator activePaginationNavigator"
      >
        1
      </div>
      <div>
        ...
      </div>
      <div
        class="paginationNavigator false"
      >
        0
      </div>
      <div
        class="paginationNavigator activePaginationNavigator"
      >
        1
      </div>
      <div
        class="paginationNavigator false"
      >
        2
      </div>
      <div>
        ...
      </div>
      <div
        class="paginationNavigator false"
      >
        0
      </div>
      <button
        class="operandButton ms-3"
      >
        <i
          class="fa fa-angle-right"
        />
      </button>
    </div>
  </div>
</DocumentFragment>
`;
