// Jest Snapshot v1, https://goo.gl/fbAQLP

exports[`Filter Form Component Test Filter Form Component Snapshot 1`] = `
<DocumentFragment>
  <div
    class="dropdown-menu p-4 form-dropdown"
  >
    <div
      class="mb-3"
    >
      <label
        class="form-label"
        for="exampleDropdownFormOrganization"
      >
        Organization
      </label>
      <select
        aria-label="Default select example"
        class="form-select mb-3 form-label"
        style="font-size: 1rem;"
      >
        <option>
          Select
        </option>
        <option />
        <option />
        <option />
        <option />
        <option />
        <option />
        <option />
        <option />
        <option />
        <option />
        <option />
        <option />
        <option />
        <option />
        <option />
        <option />
        <option />
        <option />
        <option />
        <option />
        <option />
        <option />
        <option />
        <option />
        <option />
        <option />
        <option />
        <option />
        <option />
        <option />
        <option />
        <option />
        <option />
        <option />
        <option />
        <option />
        <option />
        <option />
        <option />
        <option />
        <option />
        <option />
        <option />
        <option />
        <option />
        <option />
        <option />
        <option />
        <option />
        <option />
        <option />
        <option />
        <option />
        <option />
        <option />
        <option />
        <option />
        <option />
        <option />
        <option />
        <option />
        <option />
        <option />
        <option />
        <option />
        <option />
        <option />
        <option />
        <option />
        <option />
        <option />
        <option />
        <option />
        <option />
        <option />
        <option />
        <option />
        <option />
        <option />
        <option />
        <option />
        <option />
        <option />
        <option />
        <option />
        <option />
        <option />
        <option />
        <option />
        <option />
        <option />
        <option />
        <option />
        <option />
        <option />
        <option />
        <option />
        <option />
        <option />
        <option />
      </select>
      <label
        class="form-label"
        for="exampleDropdownFormUsername"
      >
        Username
      </label>
      <input
        class="form-control"
        id="exampleDropdownFormUsername"
        placeholder="Username"
        type="text"
        value=""
      />
    </div>
    <div
      class="mb-3"
    >
      <label
        class="form-label"
        for="exampleDropdownFormEmail2"
      >
        Email
      </label>
      <input
        class="form-control"
        id="exampleDropdownFormEmail2"
        placeholder="Email"
        type="email"
        value=""
      />
    </div>
    <div
      class="mb-3"
    >
      <label
        class="form-label"
        for="datepicker"
      >
        Date
      </label>
      <input
        class="form-control"
        id="datepicker"
        type="date"
        value=""
      />
    </div>
    <div
      class="mb-3"
    >
      <label
        class="form-label"
        for="exampleDropdownFormPhoneNumber"
      >
        Phone Number
      </label>
      <input
        class="form-control"
        id="exampleDropdownFormPhoneNumber"
        placeholder="Phone Number"
        type="text"
        value=""
      />
    </div>
    <label
      class="form-label"
      for="exampleDropdownFormStatus"
    >
      Status
    </label>
    <select
      aria-label="Default select example"
      class="form-select mb-3 form-label"
      style="font-size: 1rem;"
    >
      <option>
        Pending
      </option>
      <option
        value="active"
      >
        Active
      </option>
      <option
        value="inactive"
      >
        Inactive
      </option>
      <option
        value="blacklisted"
      >
        Blacklisted
      </option>
    </select>
    <div
      class="grid-2 mt-4"
    >
      <button
        class="btn-outline w-100"
      >
        Reset
      </button>
      <button
        class="btn-themed w-100"
      >
        Filter
      </button>
    </div>
  </div>
</DocumentFragment>
`;
